[kalvin.netlify.com/index-particles3.html]
[backblue.gif]
[fade.gif]
[index.html]
[kalvin.netlify.com/images/favicon.ico]
[kalvin.netlify.com/css/font-awesome.min.css]
[kalvin.netlify.com/css/bootstrap.css]
[kalvin.netlify.com/css/owl.carousel.min.css]
[kalvin.netlify.com/css/owl.theme.default.min.css]
[kalvin.netlify.com/css/magnific-popup.css]
[kalvin.netlify.com/css/style.css]
[kalvin.netlify.com/index.html]
[kalvin.netlify.com/images/background/home-banner-bg.jpg]
[kalvin.netlify.com/images/about-img.jpg]
[kalvin.netlify.com/images/background/stats-bg.jpg]
[kalvin.netlify.com/images/portfolio/img-1.jpg]
[kalvin.netlify.com/images/portfolio/img-2.jpg]
[kalvin.netlify.com/images/portfolio/img-3.jpg]
[kalvin.netlify.com/images/portfolio/img-4.jpg]
[kalvin.netlify.com/images/portfolio/img-5.jpg]
[kalvin.netlify.com/images/portfolio/img-6.jpg]
[kalvin.netlify.com/single-blog.html]
[kalvin.netlify.com/images/blog/img-1.jpg]
[kalvin.netlify.com/images/blog/img-2.jpg]
[kalvin.netlify.com/images/blog/img-3.jpg]
[kalvin.netlify.com/images/blog/img-4.jpg]
[kalvin.netlify.com/blogs-page.html]
[kalvin.netlify.com/images/background/testimonials-bg.jpg]
[kalvin.netlify.com/images/testimonial/img-1.jpg]
[kalvin.netlify.com/js/bootstrap.min.js]
[kalvin.netlify.com/js/jquery.stellar.js]
[kalvin.netlify.com/js/animated.headline.js]
[kalvin.netlify.com/js/owl.carousel.min.js]
[kalvin.netlify.com/js/scrollIt.min.js]
[kalvin.netlify.com/js/isotope.pkgd.min.js]
[kalvin.netlify.com/js/jquery.magnific-popup.min.js]
[kalvin.netlify.com/js/particles.min.js]
[kalvin.netlify.com/js/main.js]
[kalvin.netlify.com/index-particles3.html]
[kalvin.netlify.com/fonts/fontawesome-webfont3e6e.eot]
[kalvin.netlify.com/fonts/fontawesome-webfont3e6e.woff2]
[kalvin.netlify.com/fonts/fontawesome-webfontd41d.eot]
[kalvin.netlify.com/fonts/fontawesome-webfont3e6e.woff]
[kalvin.netlify.com/css/font-awesome.min.css]
[kalvin.netlify.com/fonts/fontawesome-webfont3e6e.ttf]
[kalvin.netlify.com/css/bootstrap.css]
[kalvin.netlify.com/css/owl.carousel.min.css]
[kalvin.netlify.com/css/owl.theme.default.min.css]
[kalvin.netlify.com/css/magnific-popup.css]
[kalvin.netlify.com/css/style.css]
[kalvin.netlify.com/fonts/fontawesome-webfont3e6e.svg]
[kalvin.netlify.com/css/style-preview.css]
[kalvin.netlify.com/index-main.html]
[kalvin.netlify.com/images/promo/promo-main.jpg]
[kalvin.netlify.com/index-slider.html]
[kalvin.netlify.com/images/promo/promo-slider.jpg]
[kalvin.netlify.com/index-ripples.html]
[kalvin.netlify.com/index-videobg.html]
[kalvin.netlify.com/images/promo/promo-videobg.jpg]
[kalvin.netlify.com/index-creative1.html]
[kalvin.netlify.com/images/promo/promo-creative1.jpg]
[kalvin.netlify.com/index-creative2.html]
[kalvin.netlify.com/images/promo/promo-creative2.jpg]
[kalvin.netlify.com/index-creative3.html]
[kalvin.netlify.com/images/promo/promo-creative3.jpg]
[kalvin.netlify.com/index-creative4.html]
[kalvin.netlify.com/images/promo/promo-creative4.jpg]
[kalvin.netlify.com/index-particles1.html]
[kalvin.netlify.com/images/promo/promo-particles1.jpg]
[kalvin.netlify.com/index-particles2.html]
[kalvin.netlify.com/images/promo/promo-particles2.jpg]
[kalvin.netlify.com/index-particles4.html]
[kalvin.netlify.com/images/promo/promo-blog-list.jpg]
[kalvin.netlify.com/images/promo/promo-blog-single.jpg]
[kalvin.netlify.com/js/jquery.ripples-min.js]
[kalvin.netlify.com/index.html]
[kalvin.netlify.com/images/blog/blog-big.jpg]
[kalvin.netlify.com/images/blog/comment-authors/img-1.jpg]
[kalvin.netlify.com/images/blog/comment-authors/img-2.jpg]
[kalvin.netlify.com/images/blog/comment-authors/img-3.jpg]
[kalvin.netlify.com/single-blog.html]
[kalvin.netlify.com/images/blog/img-5.jpg]
[kalvin.netlify.com/images/blog/img-6.jpg]
[kalvin.netlify.com/blogs-page.html]
[kalvin.netlify.com/fonts/fontawesome-webfont3e6e.svg]
[kalvin.netlify.com/css/owl.video.play.html]
[kalvin.netlify.com/css/style-preview.css]
[kalvin.netlify.com/index-main.html]
[kalvin.netlify.com/images/slider/img-1.jpg]
[kalvin.netlify.com/images/slider/img-2.jpg]
[kalvin.netlify.com/index-slider.html]
[kalvin.netlify.com/index-ripples.html]
[kalvin.netlify.com/js/jquery.superslides.min.js]
[kalvin.netlify.com/index-videobg.html]
[kalvin.netlify.com/index-creative1.html]
[kalvin.netlify.com/js/ultimate-bg.js]
[kalvin.netlify.com/images/background/creative2-banner-bg.jpg]
[kalvin.netlify.com/index-creative2.html]
[kalvin.netlify.com/index-creative3.html]
[kalvin.netlify.com/index-creative4.html]
[kalvin.netlify.com/index-particles1.html]
[kalvin.netlify.com/index-particles2.html]
[kalvin.netlify.com/index-particles4.html]
